VideoModelPricePerSecond
{
  "veo-3.1-generate-001": {
    "noAudio": {"720p": 0.20, "1080p": 0.20, "4k": 0.40},
    "audio": {"720p": 0.40, "1080p": 0.40, "4k": 0.60}
  },
  "veo-3.1-fast-generate-001": {
    "noAudio": {"720p": 0.08, "1080p": 0.10, "4k": 0.25},
    "audio": {"720p": 0.10, "1080p": 0.12, "4k": 0.30}
  },
  "veo-3.1-lite-generate-001": {
    "noAudio": {"720p": 0.03, "1080p": 0.05},
    "audio": {"720p": 0.05, "1080p": 0.08}
  },
  "wan2.6-t2v": {
    "resolutions": {
      "720p": 0.086012,
      "1080p": 0.143353
    }
  },
  "wan2.6-i2v": {
    "resolutions": {
      "720p": 0.086012,
      "1080p": 0.143353
    }
  },
  "wan2.6-r2v": {
    "resolutions": {
      "720p": 0.086012,
      "1080p": 0.143353
    }
  },
  "kling-v3": {
    "noAudio": 0.084,
    "audio": 0.126
  },
  "kling-v3-pro": {
    "noAudio": 0.112,
    "audio": 0.168
  },
  "kling-v3-omni": {
    "noAudio": 0.084,
    "audio": 0.126
  },
  "kling-v3-omni-pro": {
    "noAudio": 0.112,
    "audio": 0.168
  }
}


VideoCompletionRatio
 {
    "seedance-1-5-pro-251215": {
      "noAudio": 1.2,
      "audio": 2.4
    },
    "seedance-1-5-pro-251215-nsfw": {
      "noAudio": 1.2,
      "audio": 2.4
    },
    "seedance-2-0": {
      "480p": { "noVideo": 7.35, "video": 4.515 },
      "720p": { "noVideo": 7.35, "video": 4.515 },
      "1080p": { "noVideo": 8.085, "video": 4.935 }
    },
    "seedance-2-0-NSFW": {
      "480p": { "noVideo": 7.35, "video": 4.515 },
      "720p": { "noVideo": 7.35, "video": 4.515 },
      "1080p": { "noVideo": 8.085, "video": 4.935 }
    },
    "seedance-2-0-pro": {
      "480p": { "noVideo": 7.35, "video": 4.515 },
      "720p": { "noVideo": 7.35, "video": 4.515 },
      "1080p": { "noVideo": 8.085, "video": 4.935 }
    },
    "seedance-2-0-fast": {
      "480p": { "noVideo": 5.88, "video": 3.465 },
      "720p": { "noVideo": 5.88, "video": 3.465 }
    }
  }